[Championship 2425] finished=557  εχω=0  προς=557
   Championship 2425: 25/557
   Championship 2425: 50/557
   Championship 2425: 75/557
   Championship 2425: 100/557
   Championship 2425: 125/557
   Championship 2425: 150/557
   Championship 2425: 175/557
   Championship 2425: 200/557
   Championship 2425: 225/557
   Championship 2425: 250/557
   Championship 2425: 275/557
   Championship 2425: 300/557
   Championship 2425: 325/557
   Championship 2425: 350/557
   Championship 2425: 375/557
   Championship 2425: 400/557
   Championship 2425: 425/557
   Championship 2425: 450/557
   Championship 2425: 475/557
   Championship 2425: 500/557
   Championship 2425: 525/557
   Championship 2425: 550/557
[Championship 2425] DONE 557 ματς, 13211 σουτ
[Championship 2526] finished=558  εχω=0  προς=558
   Championship 2526: 25/558
   Championship 2526: 50/558
   Championship 2526: 75/558
   Championship 2526: 100/558
   Championship 2526: 125/558
   Championship 2526: 150/558
   Championship 2526: 175/558
   Championship 2526: 200/558
   Championship 2526: 225/558
   Championship 2526: 250/558
   Championship 2526: 275/558
   Championship 2526: 300/558
   Championship 2526: 325/558
   Championship 2526: 350/558
   Championship 2526: 375/558
   Championship 2526: 400/558
   Championship 2526: 425/558
   Championship 2526: 450/558
   Championship 2526: 475/558
   Championship 2526: 500/558
   Championship 2526: 525/558
   Championship 2526: 550/558
[Championship 2526] DONE 558 ματς, 14000 σουτ
[ScottishPrem 2425] finished=228  εχω=0  προς=228
   ScottishPrem 2425: 25/228
   ScottishPrem 2425: 50/228
   ScottishPrem 2425: 75/228
   ScottishPrem 2425: 100/228
   ScottishPrem 2425: 125/228
   ScottishPrem 2425: 150/228
   ScottishPrem 2425: 175/228
   ScottishPrem 2425: 200/228
   ScottishPrem 2425: 225/228
[ScottishPrem 2425] DONE 228 ματς, 5777 σουτ
[ScottishPrem 2526] finished=228  εχω=0  προς=228
   ScottishPrem 2526: 25/228
   ScottishPrem 2526: 50/228
   ScottishPrem 2526: 75/228
   ScottishPrem 2526: 100/228
   ScottishPrem 2526: 125/228
   ScottishPrem 2526: 150/228
   ScottishPrem 2526: 175/228
   ScottishPrem 2526: 200/228
   ScottishPrem 2526: 225/228
[ScottishPrem 2526] DONE 228 ματς, 5773 σουτ
[Belgium 2425] finished=313  εχω=0  προς=313
   Belgium 2425: 25/313
   Belgium 2425: 50/313
   Belgium 2425: 75/313
   Belgium 2425: 100/313
   Belgium 2425: 125/313
   Belgium 2425: 150/313
   Belgium 2425: 175/313
   Belgium 2425: 200/313
   Belgium 2425: 225/313
   Belgium 2425: 250/313
   Belgium 2425: 275/313
   Belgium 2425: 300/313
[Belgium 2425] DONE 313 ματς, 8273 σουτ
[Belgium 2526] finished=313  εχω=0  προς=313
   Belgium 2526: 25/313
   Belgium 2526: 50/313
   Belgium 2526: 75/313
   Belgium 2526: 100/313
   Belgium 2526: 125/313
   Belgium 2526: 150/313
   Belgium 2526: 175/313
   Belgium 2526: 200/313
   Belgium 2526: 225/313
   Belgium 2526: 250/313
   Belgium 2526: 275/313
   Belgium 2526: 300/313
[Belgium 2526] DONE 313 ματς, 8248 σουτ
[SerieB 2526] finished=390  εχω=0  προς=390
   SerieB 2526: 25/390
   SerieB 2526: 50/390
   SerieB 2526: 75/390
   SerieB 2526: 100/390
   SerieB 2526: 125/390
   SerieB 2526: 150/390
   SerieB 2526: 175/390
   SerieB 2526: 200/390
   SerieB 2526: 225/390
   SerieB 2526: 250/390
   SerieB 2526: 275/390
   SerieB 2526: 300/390
   SerieB 2526: 325/390
   SerieB 2526: 350/390
   SerieB 2526: 375/390
[SerieB 2526] DONE 390 ματς, 10180 σουτ
[LaLiga2 2526] finished=468  εχω=0  προς=468
   LaLiga2 2526: 25/468
   LaLiga2 2526: 50/468
   LaLiga2 2526: 75/468
   LaLiga2 2526: 100/468
   LaLiga2 2526: 125/468
   LaLiga2 2526: 150/468
   LaLiga2 2526: 175/468
   LaLiga2 2526: 200/468
   LaLiga2 2526: 225/468
   LaLiga2 2526: 250/468
   LaLiga2 2526: 275/468
   LaLiga2 2526: 300/468
   LaLiga2 2526: 325/468
   LaLiga2 2526: 350/468
   LaLiga2 2526: 375/468
   LaLiga2 2526: 400/468
   LaLiga2 2526: 425/468
   LaLiga2 2526: 450/468
[LaLiga2 2526] DONE 468 ματς, 11764 σουτ
[Ligue2 2526] finished=306  εχω=0  προς=306
   Ligue2 2526: 25/306
   Ligue2 2526: 50/306
   Ligue2 2526: 75/306
   Ligue2 2526: 100/306
   Ligue2 2526: 125/306
   Ligue2 2526: 150/306
   Ligue2 2526: 175/306
   Ligue2 2526: 200/306
   Ligue2 2526: 225/306
   Ligue2 2526: 250/306
   Ligue2 2526: 275/306
   Ligue2 2526: 300/306
[Ligue2 2526] DONE 306 ματς, 6924 σουτ
ALL DONE
