=== 1) sport keys (εθνικες) ===
  soccer_africa_cup_of_nations | Africa Cup of Nations | Africa Cup of Nations | active=False
  soccer_fifa_club_world_cup | FIFA Club World Cup | FIFA Club World Cup | active=False
  soccer_fifa_world_cup | FIFA World Cup | FIFA World Cup 2026 | active=False
  soccer_fifa_world_cup_qualifiers_europe | FIFA World Cup Qualifiers - Europe | FIFA World Cup Qualifiers - UEFA | active=False
  soccer_fifa_world_cup_qualifiers_south_america | FIFA World Cup Qualifiers - South America | FIFA World Cup Qualifiers - CONMEBOL | active=False
  soccer_fifa_world_cup_winner | FIFA World Cup Winner | FIFA World Cup Winner 2030 | active=False
  soccer_fifa_world_cup_womens | FIFA Women's World Cup | FIFA Women's World Cup | active=False
  soccer_uefa_champs_league_qualification | UEFA Champions League Qualification | European Champions League Qualification | active=False
  soccer_uefa_euro_qualification | UEFA Euro Qualification | European Championship Qualification | active=False
  soccer_uefa_nations_league | UEFA Nations League | UEFA Nations League | active=True

=== 2) events στο soccer_uefa_nations_league (δωρεαν): 45 ματς ===  [status 200]
  2026-09-24T18:45  Norway - Denmark
  2026-09-24T18:45  Netherlands - Germany
  2026-09-24T18:45  Portugal - Wales
  2026-09-24T18:46  Kosovo - Republic of Ireland
  2026-09-24T18:46  Liechtenstein - Lithuania
  2026-09-24T18:47  Serbia - Greece
  2026-09-24T18:49  Austria - Israel
  2026-09-25T16:00  Armenia - Latvia
  2026-09-25T16:00  Georgia - Northern Ireland
  2026-09-25T18:45  Italy - Belgium
  2026-09-25T18:45  Poland - Bosnia & Herzegovina
  2026-09-25T18:45  Montenegro - Cyprus
  2026-09-25T18:45  Turkey - France
  2026-09-25T18:45  Hungary - Ukraine
  2026-09-25T18:45  Sweden - Romania
  2026-09-26T13:00  Slovenia - Scotland
  2026-09-26T16:00  Bulgaria - Luxembourg
  2026-09-26T16:00  Iceland - Estonia
  2026-09-26T16:00  Faroe Islands - Kazakhstan
  2026-09-26T16:00  San Marino - Finland
  2026-09-26T18:45  Albania - Belarus
  2026-09-26T18:45  Czech Republic - Croatia
  2026-09-26T18:45  England - Spain
  2026-09-26T18:45  Slovakia - Moldova
  2026-09-26T18:45  North Macedonia - Switzerland
  2026-09-27T13:00  Lithuania - Azerbaijan
  2026-09-27T16:00  Gibraltar - Andorra
  2026-09-27T16:00  Austria - Kosovo
  2026-09-27T16:00  Denmark - Wales
  2026-09-27T16:00  Serbia - Netherlands
  2026-09-27T18:45  Germany - Greece
  2026-09-27T18:45  Israel - Republic of Ireland
  2026-09-27T18:45  Norway - Portugal
  2026-09-28T16:00  Armenia - Montenegro
  2026-09-28T16:00  Latvia - Cyprus
  2026-09-28T16:00  Georgia - Ukraine
  2026-09-28T18:45  Belgium - France
  2026-09-28T18:45  Romania - Bosnia & Herzegovina
  2026-09-28T18:45  Northern Ireland - Hungary
  2026-09-28T18:45  Turkey - Italy
  2026-09-28T18:45  Sweden - Poland
  2026-09-29T18:45  Spain - Croatia
  2026-09-29T18:45  Czech Republic - England
  2026-09-29T18:45  Slovenia - North Macedonia
  2026-09-29T18:45  Scotland - Switzerland

=== 3) odds h2h eu+uk χωρις φιλτρο βιβλιων: 45 ματς με αποδοσεις ===  [status 200, credits left 27455, κοστος 2]
  2026-09-24T18:45  PIN ---  21 βιβλια  Norway - Denmark   [betclic_fr, betfair_ex_eu, betfair_ex_uk, betfred_uk, betsson, boylesports, casumo, coral …]
  2026-09-24T18:45  PIN ---  20 βιβλια  Netherlands - Germany   [betclic_fr, betfair_ex_eu, betfair_ex_uk, betfred_uk, betsson, boylesports, casumo, coral …]
  2026-09-24T18:45  PIN ---  21 βιβλια  Portugal - Wales   [betclic_fr, betfair_ex_eu, betfair_ex_uk, betfred_uk, betsson, boylesports, casumo, coral …]
  2026-09-24T18:46  --- ---  17 βιβλια  Kosovo - Republic of Ireland   [betclic_fr, betfair_ex_eu, betfair_ex_uk, betfred_uk, boylesports, casumo, coral, ladbrokes_uk …]
  2026-09-24T18:46  --- ---  20 βιβλια  Liechtenstein - Lithuania   [betclic_fr, betfair_ex_eu, betfair_ex_uk, betfred_uk, betsson, boylesports, casumo, coral …]
  2026-09-24T18:47  PIN ---  21 βιβλια  Serbia - Greece   [betclic_fr, betfair_ex_eu, betfair_ex_uk, betfred_uk, betsson, boylesports, casumo, coral …]
  2026-09-24T18:49  --- ---  20 βιβλια  Austria - Israel   [betclic_fr, betfair_ex_eu, betfair_ex_uk, betfred_uk, betsson, boylesports, casumo, coral …]
  2026-09-25T16:00  --- ---  21 βιβλια  Armenia - Latvia   [betclic_fr, betfair_ex_eu, betfair_ex_uk, betfred_uk, betsson, boylesports, casumo, coral …]
  2026-09-25T16:00  --- ---  21 βιβλια  Georgia - Northern Ireland   [betclic_fr, betfair_ex_eu, betfair_ex_uk, betfred_uk, betsson, boylesports, casumo, coral …]
  2026-09-25T18:45  PIN ---  22 βιβλια  Italy - Belgium   [betclic_fr, betfair_ex_eu, betfair_ex_uk, betfred_uk, betsson, boylesports, casumo, coral …]
  2026-09-25T18:45  --- ---  21 βιβλια  Poland - Bosnia & Herzegovina   [betclic_fr, betfair_ex_eu, betfair_ex_uk, betfred_uk, betsson, boylesports, casumo, coral …]
  2026-09-25T18:45  --- ---  21 βιβλια  Montenegro - Cyprus   [betclic_fr, betfair_ex_eu, betfair_ex_uk, betfred_uk, betsson, boylesports, casumo, coral …]
  2026-09-25T18:45  PIN ---  22 βιβλια  Turkey - France   [betclic_fr, betfair_ex_eu, betfair_ex_uk, betfred_uk, betsson, boylesports, casumo, coral …]
  2026-09-25T18:45  --- ---  21 βιβλια  Hungary - Ukraine   [betclic_fr, betfair_ex_eu, betfair_ex_uk, betfred_uk, betsson, boylesports, casumo, coral …]
  2026-09-25T18:45  --- ---  21 βιβλια  Sweden - Romania   [betclic_fr, betfair_ex_eu, betfair_ex_uk, betfred_uk, betsson, boylesports, casumo, coral …]
  2026-09-26T13:00  --- ---  21 βιβλια  Slovenia - Scotland   [betclic_fr, betfair_ex_eu, betfair_ex_uk, betfred_uk, betsson, boylesports, casumo, coral …]
  2026-09-26T16:00  --- ---  20 βιβλια  Bulgaria - Luxembourg   [betclic_fr, betfair_ex_eu, betfair_ex_uk, betfred_uk, betsson, boylesports, casumo, coral …]
  2026-09-26T16:00  --- ---  19 βιβλια  Iceland - Estonia   [betclic_fr, betfair_ex_eu, betfair_ex_uk, betfred_uk, betsson, boylesports, casumo, coral …]
  2026-09-26T16:00  --- ---  17 βιβλια  Faroe Islands - Kazakhstan   [betfair_ex_eu, betfair_ex_uk, betfred_uk, betsson, boylesports, casumo, coral, ladbrokes_uk …]
  2026-09-26T16:00  --- ---  20 βιβλια  San Marino - Finland   [betclic_fr, betfair_ex_eu, betfair_ex_uk, betfred_uk, betsson, boylesports, casumo, coral …]
  2026-09-26T18:45  --- ---  19 βιβλια  Albania - Belarus   [betclic_fr, betfair_ex_eu, betfair_ex_uk, betfred_uk, boylesports, casumo, coral, ladbrokes_uk …]
  2026-09-26T18:45  PIN ---  21 βιβλια  Czech Republic - Croatia   [betclic_fr, betfair_ex_eu, betfair_ex_uk, betfred_uk, betsson, boylesports, casumo, coral …]
  2026-09-26T18:45  PIN ---  20 βιβλια  England - Spain   [betclic_fr, betfair_ex_eu, betfair_ex_uk, betfred_uk, boylesports, casumo, coral, ladbrokes_uk …]
  2026-09-26T18:45  --- ---  18 βιβλια  Slovakia - Moldova   [betclic_fr, betfair_ex_eu, betfair_ex_uk, betfred_uk, boylesports, casumo, coral, ladbrokes_uk …]
  2026-09-26T18:45  --- ---  19 βιβλια  North Macedonia - Switzerland   [betclic_fr, betfair_ex_eu, betfair_ex_uk, betfred_uk, boylesports, casumo, coral, ladbrokes_uk …]
  2026-09-27T13:00  --- ---  18 βιβλια  Lithuania - Azerbaijan   [betclic_fr, betfair_ex_eu, betfair_ex_uk, betfred_uk, boylesports, casumo, coral, ladbrokes_uk …]
  2026-09-27T16:00  --- ---  19 βιβλια  Gibraltar - Andorra   [betclic_fr, betfair_ex_eu, betfair_ex_uk, betfred_uk, boylesports, casumo, coral, ladbrokes_uk …]
  2026-09-27T16:00  --- ---  19 βιβλια  Austria - Kosovo   [betclic_fr, betfair_ex_eu, betfair_ex_uk, betfred_uk, boylesports, casumo, coral, ladbrokes_uk …]
  2026-09-27T16:00  PIN ---  20 βιβλια  Denmark - Wales   [betclic_fr, betfair_ex_eu, betfair_ex_uk, betfred_uk, boylesports, casumo, coral, ladbrokes_uk …]
  2026-09-27T16:00  PIN ---  20 βιβλια  Serbia - Netherlands   [betclic_fr, betfair_ex_eu, betfair_ex_uk, betfred_uk, boylesports, casumo, coral, ladbrokes_uk …]
  2026-09-27T18:45  PIN ---  20 βιβλια  Germany - Greece   [betclic_fr, betfair_ex_eu, betfair_ex_uk, betfred_uk, boylesports, casumo, coral, ladbrokes_uk …]
  2026-09-27T18:45  --- ---  18 βιβλια  Israel - Republic of Ireland   [betclic_fr, betfair_ex_eu, betfair_ex_uk, betfred_uk, boylesports, casumo, coral, ladbrokes_uk …]
  2026-09-27T18:45  PIN ---  20 βιβλια  Norway - Portugal   [betclic_fr, betfair_ex_eu, betfair_ex_uk, betfred_uk, boylesports, casumo, coral, ladbrokes_uk …]
  2026-09-28T16:00  --- ---  14 βιβλια  Armenia - Montenegro   [betclic_fr, betfair_ex_eu, betfair_ex_uk, betfred_uk, boylesports, casumo, leovegas, livescorebet …]
  2026-09-28T16:00  --- ---  14 βιβλια  Latvia - Cyprus   [betclic_fr, betfair_ex_eu, betfair_ex_uk, betfred_uk, boylesports, casumo, leovegas, livescorebet …]
  2026-09-28T16:00  --- ---  17 βιβλια  Georgia - Ukraine   [betclic_fr, betfair_ex_eu, betfair_ex_uk, betfred_uk, boylesports, casumo, leovegas, livescorebet …]
  2026-09-28T18:45  PIN ---  18 βιβλια  Belgium - France   [betclic_fr, betfair_ex_eu, betfair_ex_uk, betfred_uk, boylesports, casumo, leovegas, livescorebet …]
  2026-09-28T18:45  --- ---  17 βιβλια  Romania - Bosnia & Herzegovina   [betclic_fr, betfair_ex_eu, betfair_ex_uk, betfred_uk, boylesports, casumo, leovegas, livescorebet …]
  2026-09-28T18:45  --- ---  17 βιβλια  Northern Ireland - Hungary   [betclic_fr, betfair_ex_eu, betfair_ex_uk, betfred_uk, boylesports, casumo, leovegas, livescorebet …]
  2026-09-28T18:45  PIN ---  18 βιβλια  Turkey - Italy   [betclic_fr, betfair_ex_eu, betfair_ex_uk, betfred_uk, boylesports, casumo, leovegas, livescorebet …]
  2026-09-28T18:45  --- ---  16 βιβλια  Sweden - Poland   [betclic_fr, betfair_ex_eu, betfair_ex_uk, betfred_uk, boylesports, casumo, leovegas, livescorebet …]
  2026-09-29T18:45  PIN ---  16 βιβλια  Spain - Croatia   [betclic_fr, betfair_ex_eu, betfair_ex_uk, betfred_uk, boylesports, leovegas, livescorebet, marathonbet …]
  2026-09-29T18:45  PIN ---  16 βιβλια  Czech Republic - England   [betclic_fr, betfair_ex_eu, betfair_ex_uk, betfred_uk, boylesports, leovegas, livescorebet, marathonbet …]
  2026-09-29T18:45  --- ---  15 βιβλια  Slovenia - North Macedonia   [betclic_fr, betfair_ex_eu, betfair_ex_uk, betfred_uk, boylesports, leovegas, livescorebet, marathonbet …]
  2026-09-29T18:45  --- ---  15 βιβλια  Scotland - Switzerland   [betclic_fr, betfair_ex_eu, betfair_ex_uk, betfred_uk, boylesports, leovegas, livescorebet, marathonbet …]

=== 4) Pinnacle vs Betfair Exchange (h2h/spreads/totals): 45 ματς  [status 200, credits left 27452, κοστος 3] ===
  2026-09-24T18:45  Norway - Denmark:  [betfair_ex_eu: h2h +0.8%, h2h_lay -0.9%]  [pinnacle: h2h +6.1%, spreads [-0.75] +3.1%, totals 2.5 +3.7%]
  2026-09-24T18:45  Netherlands - Germany:  [betfair_ex_eu: h2h +0.9%, h2h_lay -0.7%]  [pinnacle: h2h +5.8%, spreads [0.0] +3.1%, totals 2.75 +3.8%]
  2026-09-24T18:45  Portugal - Wales:  [betfair_ex_eu: h2h +0.5%, h2h_lay -0.8%]  [pinnacle: h2h +5.0%, spreads [-2.0] +3.7%, totals 3.0 +3.7%]
  2026-09-24T18:46  Kosovo - Republic of Ireland:  [betfair_ex_eu: h2h +0.9%, h2h_lay -0.8%]
  2026-09-24T18:46  Liechtenstein - Lithuania:  [betfair_ex_eu: h2h +1.1%, h2h_lay -1.0%]
  2026-09-24T18:47  Serbia - Greece:  [pinnacle: h2h +5.8%, spreads [0.5] +3.4%, totals 3.25 +3.4%]  [betfair_ex_eu: h2h +0.9%, h2h_lay -0.3%]
  2026-09-24T18:49  Austria - Israel:  [betfair_ex_eu: h2h +1.7%, h2h_lay -0.3%]
  2026-09-25T16:00  Armenia - Latvia:  [betfair_ex_eu: h2h +0.6%, h2h_lay -0.7%]
  2026-09-25T16:00  Georgia - Northern Ireland:  [betfair_ex_eu: h2h +0.3%, h2h_lay -0.7%]
  2026-09-25T18:45  Italy - Belgium:  [betfair_ex_eu: h2h +0.9%, h2h_lay -0.3%]  [pinnacle: h2h +3.4%, spreads [-0.25] +2.6%, totals 2.75 +3.1%]
  2026-09-25T18:45  Poland - Bosnia & Herzegovina:  [betfair_ex_eu: h2h +1.3%, h2h_lay -1.3%]
  2026-09-25T18:45  Montenegro - Cyprus:  [betfair_ex_eu: h2h +0.7%, h2h_lay -0.9%]
  2026-09-25T18:45  Turkey - France:  [betfair_ex_eu: h2h +0.8%, h2h_lay -0.9%]  [pinnacle: h2h +3.7%, spreads [1.25] +2.4%, totals 3.25 +2.9%]
  2026-09-25T18:45  Hungary - Ukraine:  [betfair_ex_eu: h2h +0.9%, h2h_lay -1.5%]
  2026-09-25T18:45  Sweden - Romania:  [betfair_ex_eu: h2h +0.5%, h2h_lay -0.8%]
  2026-09-26T13:00  Slovenia - Scotland:  [betfair_ex_eu: h2h +1.0%, h2h_lay -0.5%]
  2026-09-26T16:00  Bulgaria - Luxembourg:  [betfair_ex_eu: h2h +1.5%, h2h_lay -0.9%]
  2026-09-26T16:00  Iceland - Estonia:  [betfair_ex_eu: h2h +1.9%, h2h_lay -1.5%]
  2026-09-26T16:00  Faroe Islands - Kazakhstan:  [betfair_ex_eu: h2h +0.4%, h2h_lay -0.8%]
  2026-09-26T16:00  San Marino - Finland:  [betfair_ex_eu: h2h +2.0%, h2h_lay -1.5%]
  2026-09-26T18:45  Albania - Belarus:  [betfair_ex_eu: h2h +0.8%, h2h_lay -1.0%]
  2026-09-26T18:45  Czech Republic - Croatia:  [betfair_ex_eu: h2h +0.7%, h2h_lay -0.9%]  [pinnacle: h2h +3.2%, spreads [0.25] +2.5%, totals 2.75 +3.0%]
  2026-09-26T18:45  England - Spain:  [betfair_ex_eu: h2h +0.6%, h2h_lay -0.6%]  [pinnacle: h2h +3.3%, spreads [0.25] +2.4%, totals 2.5 +3.2%]
  2026-09-26T18:45  Slovakia - Moldova:  [betfair_ex_eu: h2h +1.4%, h2h_lay -2.1%]
  2026-09-26T18:45  North Macedonia - Switzerland:  [betfair_ex_eu: h2h +1.3%, h2h_lay -1.2%]
  2026-09-27T13:00  Lithuania - Azerbaijan:  [betfair_ex_eu: h2h +156.5%, h2h_lay -85.9%]
  2026-09-27T16:00  Gibraltar - Andorra:  [betfair_ex_eu: h2h +4.3%, h2h_lay -5.1%]
  2026-09-27T16:00  Austria - Kosovo:  [betfair_ex_eu: h2h +2.3%, h2h_lay -2.7%]
  2026-09-27T16:00  Denmark - Wales:  [betfair_ex_eu: h2h +1.9%, h2h_lay -2.3%]  [pinnacle: h2h +5.4%, spreads [-1.0] +3.9%, totals 2.5 +4.5%]
  2026-09-27T16:00  Serbia - Netherlands:  [betfair_ex_eu: h2h +3.6%, h2h_lay -2.8%]  [pinnacle: h2h +5.6%, spreads [0.75] +3.9%, totals 2.5 +4.5%]
  2026-09-27T18:45  Germany - Greece:  [betfair_ex_eu: h2h +2.5%, h2h_lay -2.3%]  [pinnacle: h2h +5.8%, spreads [-1.5] +3.7%, totals 3.0 +4.5%]
  2026-09-27T18:45  Israel - Republic of Ireland:  [betfair_ex_eu: h2h +1.6%, h2h_lay -1.2%]
  2026-09-27T18:45  Norway - Portugal:  [betfair_ex_eu: h2h +2.0%, h2h_lay -1.6%]  [pinnacle: h2h +4.9%, spreads [0.0] +3.9%, totals 2.75 +4.2%]
  2026-09-28T16:00  Armenia - Montenegro:  [betfair_ex_eu: h2h +160.2%, h2h_lay -85.1%]
  2026-09-28T16:00  Latvia - Cyprus:  [betfair_ex_eu: h2h +114.0%, h2h_lay -84.6%]
  2026-09-28T16:00  Georgia - Ukraine:  [betfair_ex_eu: h2h +3.4%, h2h_lay -4.0%]
  2026-09-28T18:45  Belgium - France:  [betfair_ex_eu: h2h +4.0%, h2h_lay -3.5%]  [pinnacle: h2h +5.2%, spreads [0.5] +3.9%, totals 2.75 +4.2%]
  2026-09-28T18:45  Romania - Bosnia & Herzegovina:  [betfair_ex_eu: h2h +4.8%, h2h_lay -4.5%]
  2026-09-28T18:45  Northern Ireland - Hungary:  [betfair_ex_eu: h2h +3.5%, h2h_lay -4.1%]
  2026-09-28T18:45  Turkey - Italy:  [betfair_ex_eu: h2h +2.8%, h2h_lay -2.8%]  [pinnacle: h2h +5.0%, spreads [0.0] +3.7%, totals 2.5 +4.7%]
  2026-09-28T18:45  Sweden - Poland:  [betfair_ex_eu: h2h +4.4%, h2h_lay -4.5%]
  2026-09-29T18:45  Spain - Croatia:  [betfair_ex_eu: h2h +2.2%, h2h_lay -2.6%]  [pinnacle: h2h +5.8%, spreads [-1.5] +3.9%, totals 2.75 +4.2%]
  2026-09-29T18:45  Czech Republic - England:  [betfair_ex_eu: h2h +2.9%, h2h_lay -3.7%]  [pinnacle: h2h +5.9%, spreads [1.25] +3.9%, totals 2.75 +4.2%]
  2026-09-29T18:45  Slovenia - North Macedonia:  [betfair_ex_eu: h2h +2.2%, h2h_lay -3.2%]
  2026-09-29T18:45  Scotland - Switzerland:  [betfair_ex_eu: h2h +12.0%, h2h_lay -12.9%]

=== ΜΕΣΗ ΓΚΑΝΙΟΤΑ (overround) ανα βιβλιο/αγορα ===
  betfair_ex_eu  h2h      n=45  μεση 11.46%  διαμεσος  1.57%  min  0.27%  max 160.23%
  betfair_ex_eu  h2h_lay  n=45  μεση -7.60%  διαμεσος -1.46%  min -85.91%  max -0.29%
  pinnacle       h2h      n=16  μεση  4.99%  διαμεσος  5.29%  min  3.24%  max  6.14%
  pinnacle       spreads  n=16  μεση  3.38%  διαμεσος  3.69%  min  2.42%  max  3.94%
  pinnacle       totals   n=16  μεση  3.85%  διαμεσος  3.99%  min  2.88%  max  4.72%
