=== BOVADA ===
status 200 · credits left 27401 · κοστος 3
2026-09-25T16:00 BD                Armenia - Latvia                 BOV 1Χ2   1.71/3.55/4.55  AH  -0.75 1.98/1.85  OU   2.5 2.05/1.8
2026-09-25T16:00 BD                Georgia - Northern Ireland       BOV 1Χ2     1.76/3.6/4.6  AH   -0.75 2.05/1.8  OU 2.25 1.89/1.93
2026-09-25T18:45 A                   Italy - Belgium                BOV 1Χ2    2.2/3.45/3.12  AH  -0.25 1.93/1.89  OU 2.75 2.02/1.82   | PIN AH -0.25 1.97/1.93  OU 2.75 2.05/1.84
2026-09-25T18:45 BD                 Poland - Bosnia & Herzegovina   BOV 1Χ2     1.67/3.8/5.0  AH  -0.75 1.87/1.95  OU  2.5 1.95/1.87
2026-09-25T18:45 BD             Montenegro - Cyprus                 BOV 1Χ2    1.71/3.55/4.6  AH  -0.75 1.95/1.87  OU   2.5 2.0/1.83
2026-09-25T18:45 A                  Turkey - France                 BOV 1Χ2     7.25/4.7/1.4  AH  +1.25 1.98/1.85  OU 3.25 1.87/1.95   | PIN AH +1.25 2.02/1.89  OU 3.25 1.9/1.99
2026-09-25T18:45 BD                Hungary - Ukraine                BOV 1Χ2    2.29/3.2/3.15  AH  -0.25 1.98/1.85  OU 2.25 1.82/2.02
2026-09-25T18:45 BD                 Sweden - Romania                BOV 1Χ2     1.47/4.6/6.0  AH     -1 1.78/2.08  OU    3 2.02/1.82
2026-09-26T13:00 BD               Slovenia - Scotland               BOV 1Χ2    2.6/3.15/2.75  AH     +0 1.85/1.98  OU  2.25 2.0/1.83
2026-09-26T16:00 BD               Bulgaria - Luxembourg             BOV 1Χ2   2.28/3.05/3.15  AH  -0.25 1.98/1.85  OU     2 1.83/2.0
2026-09-26T16:00 BD                Iceland - Estonia                BOV 1Χ2     1.26/5.5/9.5  AH   -1.5 1.82/2.02  OU 2.75 1.82/2.02
2026-09-26T16:00 BD          Faroe Islands - Kazakhstan             BOV 1Χ2    2.25/3.05/3.2  AH  -0.25 1.95/1.87  OU     2 1.83/2.0
2026-09-26T16:00 BD             San Marino - Finland                BOV 1Χ2   41.0/9.75/1.03  AH   +2.5 1.85/1.98  OU     3 1.8/2.05
2026-09-26T18:45 BD                Albania - Belarus                BOV 1Χ2    1.49/3.85/6.5  AH     -1 1.91/1.91  OU 2.25 2.02/1.82
2026-09-26T18:45 A          Czech Republic - Croatia                BOV 1Χ2    3.3/3.45/2.11  AH  +0.25 1.98/1.85  OU  2.75 2.0/1.83   | PIN AH +0.25 2.03/1.88  OU 2.75 2.03/1.86
2026-09-26T18:45 A                 England - Spain                  BOV 1Χ2     2.9/3.3/2.39  AH  +0.25 1.78/2.08  OU  2.5 1.85/1.98   | PIN AH +0.25 1.81/2.12  OU 2.5 1.88/2.0
2026-09-26T18:45 BD               Slovakia - Moldova                BOV 1Χ2    1.19/6.0/12.0  AH   -1.75 1.8/2.05  OU     3 2.05/1.8
2026-09-26T18:45 BD        North Macedonia - Switzerland            BOV 1Χ2    7.75/4.8/1.38  AH  +1.25 1.95/1.87  OU 2.75 1.95/1.87
2026-09-27T13:00 BD              Lithuania - Azerbaijan             BOV 1Χ2                —  AH                —  OU              —
2026-09-27T16:00 BD              Gibraltar - Andorra                BOV 1Χ2                —  AH                —  OU              —
2026-09-27T16:00 BD                Austria - Kosovo                 BOV 1Χ2   1.47/4.45/6.25  AH     -1 1.78/2.08  OU  2.75 2.0/1.83
2026-09-27T16:00 A                 Denmark - Wales                  BOV 1Χ2     1.59/3.9/5.6  AH     -1 2.08/1.78  OU  2.5 1.95/1.87   | PIN AH -1 2.08/1.79  OU 2.5 1.95/1.88
2026-09-27T16:00 A                  Serbia - Netherlands            BOV 1Χ2   5.25/3.95/1.61  AH   +0.75 2.05/1.8  OU  2.5 1.87/1.95   | PIN AH +0.75 2.07/1.8  OU 2.5 1.87/1.96
2026-09-27T18:45 A                 Germany - Greece                 BOV 1Χ2     1.36/5.2/7.5  AH   -1.5 2.02/1.82  OU    3 1.89/1.93   | PIN AH -1.5 2.04/1.83  OU 3 1.89/1.94
2026-09-27T18:45 BD                 Israel - Republic of Ireland    BOV 1Χ2                —  AH                —  OU              —
2026-09-27T18:45 A                  Norway - Portugal               BOV 1Χ2   2.59/3.55/2.54  AH     +0 1.93/1.89  OU     3 2.0/1.83   | PIN AH +0 1.94/1.91  OU 2.75 1.88/1.96
2026-09-28T16:00 BD                Armenia - Montenegro             BOV 1Χ2                —  AH                —  OU              —
2026-09-28T16:00 BD                 Latvia - Cyprus                 BOV 1Χ2                —  AH                —  OU              —
2026-09-28T16:00 BD                Georgia - Ukraine                BOV 1Χ2                —  AH                —  OU              —
2026-09-28T18:45 A                 Belgium - France                 BOV 1Χ2    3.75/3.7/1.89  AH   +0.5 1.91/1.91  OU 2.75 1.91/1.91   | PIN AH +0.5 1.93/1.92  OU 2.75 1.91/1.93
2026-09-28T18:45 BD                Romania - Bosnia & Herzegovina   BOV 1Χ2    2.08/3.35/3.5  AH   -0.25 1.8/2.05  OU   2.5 2.0/1.83
2026-09-28T18:45 BD       Northern Ireland - Hungary                BOV 1Χ2    3.3/3.15/2.26  AH  +0.25 1.87/1.95  OU    2 1.87/1.95
2026-09-28T18:45 A                  Turkey - Italy                  BOV 1Χ2   2.78/3.35/2.47  AH      +0 2.05/1.8  OU  2.5 1.93/1.89   | PIN AH +0 2.05/1.82  OU 2.5 1.93/1.89
2026-09-28T18:45 BD                 Sweden - Poland                 BOV 1Χ2     1.9/3.55/3.9  AH   -0.5 1.91/1.91  OU  2.5 1.91/1.91
2026-09-29T18:45 A                   Spain - Croatia                BOV 1Χ2   1.29/5.45/9.75  AH   -1.5 1.87/1.95  OU 2.75 1.87/1.95   | PIN AH -1.5 1.89/1.96  OU 2.75 1.88/1.96
2026-09-29T18:45 A          Czech Republic - England                BOV 1Χ2    6.5/4.55/1.45  AH   +1.25 1.83/2.0  OU 2.75 1.95/1.87   | PIN AH +1.25 1.84/2.02  OU 2.75 1.96/1.88
2026-09-29T18:45 BD               Slovenia - North Macedonia        BOV 1Χ2     1.67/3.6/5.3  AH  -0.75 1.89/1.93  OU 2.25 1.93/1.89
2026-09-29T18:45 BD               Scotland - Switzerland            BOV 1Χ2    3.45/3.35/2.1  AH  +0.25 2.02/1.82  OU   2.5 2.0/1.83

Bovada με AH: 32 ματς (απο αυτα B-D: 20)
