=== BHMA 1: sports list (δωρεαν) ===
x-requests-remaining=27653 x-requests-used=72347
ΚΑΝΕΝΑ market winner/relegation/top4 δεν βρεθηκε για CORE7 λιγκες.
=== ΟΛΑ τα soccer sports με has_outrights=True ===
  soccer_fifa_world_cup_winner | FIFA World Cup Winner | active=False
=== soccer keys που περιεχουν winner/relegation/top ===
  soccer_fifa_world_cup_winner | FIFA World Cup Winner | active=False | outrights=True
(συνολο sports: 179, soccer: 67)
=== ΟΛΑ τα soccer sports (key | title | active) ===
  soccer_africa_cup_of_nations | Africa Cup of Nations | active=False
  soccer_argentina_primera_division | Primera División - Argentina | active=True
  soccer_australia_aleague | A-League | active=True
  soccer_austria_bundesliga | Austrian Football Bundesliga | active=True
  soccer_belgium_first_div | Belgium First Div | active=True
  soccer_brazil_campeonato | Brazil Série A | active=True
  soccer_brazil_serie_b | Brazil Série B | active=True
  soccer_chile_campeonato | Primera División - Chile | active=True
  soccer_china_superleague | Super League - China | active=False
  soccer_concacaf_gold_cup | CONCACAF Gold Cup | active=False
  soccer_concacaf_leagues_cup | Leagues Cup | active=False
  soccer_conmebol_copa_america | Copa América | active=False
  soccer_conmebol_copa_libertadores | Copa Libertadores | active=True
  soccer_conmebol_copa_sudamericana | Copa Sudamericana | active=True
  soccer_denmark_superliga | Denmark Superliga | active=True
  soccer_efl_champ | Championship | active=True
  soccer_england_efl_cup | EFL Cup | active=True
  soccer_england_league1 | League 1 | active=True
  soccer_england_league2 | League 2 | active=True
  soccer_epl | EPL | active=True
  soccer_fa_cup | FA Cup | active=False
  soccer_fifa_club_world_cup | FIFA Club World Cup | active=False
  soccer_fifa_world_cup | FIFA World Cup | active=False
  soccer_fifa_world_cup_qualifiers_europe | FIFA World Cup Qualifiers - Europe | active=False
  soccer_fifa_world_cup_qualifiers_south_america | FIFA World Cup Qualifiers - South America | active=False
  soccer_fifa_world_cup_winner | FIFA World Cup Winner | active=False
  soccer_fifa_world_cup_womens | FIFA Women's World Cup | active=False
  soccer_finland_veikkausliiga | Veikkausliiga - Finland | active=True
  soccer_france_coupe_de_france | Coupe de France | active=False
  soccer_france_ligue_one | Ligue 1 - France | active=True
  soccer_france_ligue_two | Ligue 2 - France | active=True
  soccer_germany_bundesliga | Bundesliga - Germany | active=True
  soccer_germany_bundesliga2 | Bundesliga 2 - Germany | active=True
  soccer_germany_bundesliga_women | Frauen-Bundesliga | active=False
  soccer_germany_dfb_pokal | DFB-Pokal | active=True
  soccer_germany_liga3 | 3. Liga - Germany | active=True
  soccer_greece_super_league | Super League - Greece | active=True
  soccer_italy_coppa_italia | Coppa Italia | active=False
  soccer_italy_serie_a | Serie A - Italy | active=True
  soccer_italy_serie_b | Serie B - Italy | active=True
  soccer_japan_j_league | J League | active=False
  soccer_korea_kleague1 | K League 1 | active=True
  soccer_league_of_ireland | League of Ireland | active=True
  soccer_mexico_ligamx | Liga MX | active=True
  soccer_netherlands_eredivisie | Dutch Eredivisie | active=True
  soccer_norway_eliteserien | Eliteserien - Norway | active=True
  soccer_poland_ekstraklasa | Ekstraklasa - Poland | active=False
  soccer_portugal_primeira_liga | Primeira Liga - Portugal | active=True
  soccer_russia_premier_league | Premier League - Russia | active=False
  soccer_saudi_arabia_pro_league | Saudi Pro League | active=False
  soccer_spain_copa_del_rey | Copa del Rey | active=False
  soccer_spain_la_liga | La Liga - Spain | active=True
  soccer_spain_segunda_division | La Liga 2 - Spain | active=True
  soccer_spl | Premiership - Scotland | active=True
  soccer_sweden_allsvenskan | Allsvenskan - Sweden | active=True
  soccer_sweden_superettan | Superettan - Sweden | active=True
  soccer_switzerland_superleague | Swiss Superleague | active=True
  soccer_turkey_super_league | Turkey Super League | active=True
  soccer_uefa_champs_league | UEFA Champions League | active=True
  soccer_uefa_champs_league_qualification | UEFA Champions League Qualification | active=False
  soccer_uefa_champs_league_women | UEFA Champions League Women | active=False
  soccer_uefa_euro_qualification | UEFA Euro Qualification | active=False
  soccer_uefa_europa_conference_league | UEFA Europa Conference League | active=True
  soccer_uefa_europa_league | UEFA Europa League | active=True
  soccer_uefa_european_championship | UEFA Euro | active=False
  soccer_uefa_nations_league | UEFA Nations League | active=True
  soccer_usa_mls | MLS | active=True

=== BHMA 2: outrights fetch ανα key ===

Αποθηκευτηκε toa_outrights_2627.json (0 keys με δεδομενα)
x-requests-remaining=27653 τελικο
Συνολικο κοστος (αθροισμα x-requests-last): 0
WARN: δεν φορτωθηκε picks/league_config: No module named 'league_config'

Αποθηκευτηκε toa_outrights_2627.csv (0 γραμμες)

=== Overround ανα book/market ===

Ολα τα ονοματα ταιριαξαν.
